<article class=" ">
    <h1>
      1 Level 1 Styles
    </h1>




</article>
