<article class=" ">
    <h1>
      1 External markup fixtures
    </h1>

    <section class="description">
      <p>Don&#39;t forget to configure the plugin with the fixtures option!</p>

    </section>

    <section class="markup">
      <h5>Markup</h5>
      <pre><code>&lt;p&gt;Crazy external markup&lt;/p&gt;
</code></pre>
    </section>

    <section class="example">
      <h5>Example</h5>
      <div><p>Crazy external markup</p>
</div>
    </section>

</article>
