<article class=" ">
    <h2>
      1.1 Level 2 Styles
    </h2>




</article>
<article class=" ">
    <h3>
      1.1.1 Level 3 Styles
    </h3>




</article>
