<article class=" ">
    <h1>
      1 Foo element
    </h1>

    <section class="description">
      <p>Lorem ipsum dolor sit amet</p>

    </section>

    <section class="example">
      <h5>Example</h5>
      <div><input type="text" class="{$modifiers}"></div>
    </section>

      <section class="markup">
          <h5>Markup</h5>
          <pre><code>&lt;input type=&quot;text&quot; class=&quot;{$modifiers}&quot;&gt;</code></pre>
      </section>

    <h5>Modifiers</h5>
    <section class="modifiers">
      <dl>
        <dt>:hover (<code>pseudo-class-hover</code>)</dt>
        <dd>
            <div class="description">
              <p>Hover style</p>

            </div>

              <div class="example">
                  <h5>Example</h5>
                  <div><input type="text" class="pseudo-class-hover"></div>
              </div>

            <div class="markup">
              <h5>Markup</h5>
              <pre><code>&lt;input type=&quot;text&quot; class=&quot;pseudo-class-hover&quot;&gt;</code></pre>
            </div>
        </dd>
        <dt>:focus (<code>pseudo-class-focus</code>)</dt>
        <dd>
            <div class="description">
              <p>Focus style</p>

            </div>

              <div class="example">
                  <h5>Example</h5>
                  <div><input type="text" class="pseudo-class-focus"></div>
              </div>

            <div class="markup">
              <h5>Markup</h5>
              <pre><code>&lt;input type=&quot;text&quot; class=&quot;pseudo-class-focus&quot;&gt;</code></pre>
            </div>
        </dd>
        <dt>:disabled (<code>pseudo-class-disabled</code>)</dt>
        <dd>
            <div class="description">
              <p>Disabled style</p>

            </div>

              <div class="example">
                  <h5>Example</h5>
                  <div><input type="text" class="pseudo-class-disabled"></div>
              </div>

            <div class="markup">
              <h5>Markup</h5>
              <pre><code>&lt;input type=&quot;text&quot; class=&quot;pseudo-class-disabled&quot;&gt;</code></pre>
            </div>
        </dd>
      </dl>
    </section>
</article>
